// Jest Snapshot v1, https://goo.gl/fbAQLP

exports[`<App /> renders correctly 1`] = `
<View
  style={
    Object {
      "alignItems": "center",
      "backgroundColor": "#fff",
      "flex": 1,
      "justifyContent": "center",
    }
  }
>
  <Text
    accessibilityLabel="Text"
  >
    Text 1
  </Text>
  <Text
    accessibilityLabel="Text"
  >
    Text 2
  </Text>
</View>
`;
